[www.loxgamestudio.com/bots/securitybot/tr/index.html]
[backblue.gif]
[fade.gif]
[index.html]
[static.loxgamestudio.com/securitybot/LoxSecurityBot.png]
[www.loxgamestudio.com/cdn-cgi/apps/head/Ax2IveHfAF1FaKzlWNPkDfHq_IA.js]
[www.loxgamestudio.com/bots/securitybot/dist/css/style.css]
[www.loxgamestudio.com/bots/securitybot/dist/css/style2.css]
[unpkg.com/scrollreveal@4.0.0/dist/scrollreveal.min.js]
[www.loxgamestudio.com/bots/securitybot/dist/images/LoxSecurityBotTitle.png]
[www.loxgamestudio.com/bots/securitybot/dist/images/LoxSecurityBot_B.png]
[www.loxgamestudio.com/bots/securitybot/tr/feedbacks.html]
[www.loxgamestudio.com/bots/securitybot/dist/images/SecurityBot.png]
[www.loxgamestudio.com/bots/securitybot/dist/images/Premium.png]
[static.lgamestudio.com/general/img/loxx.png]
[www.loxgamestudio.com/cdn-cgi/scripts/5c5dd728/cloudflare-static/email-decode.min.js]
[www.loxgamestudio.com/bots/securitybot/dist/js/main.min.js]
[www.loxgamestudio.com/bots/securitybot/tr/index.html]
[www.loxgamestudio.com/bots/securitybot/dist/css/style.css]
[www.loxgamestudio.com/bots/securitybot/dist/css/style2.css]
[www.loxgamestudio.com/bots/securitybot/tr/feedbacks.html]
[www.loxgamestudio.com/cdn-cgi/scripts/7d0fa10a/cloudflare-static/rocket-loader.min.js]
